const BOOT_TEXT = [
	"kernel: [    0.000000] Linux version 4.7.0-1-amd64 bifr0St",
	"kernel: [    0.000000] Command line: BOOT_IMAGE=/boot/vmlinuz-4.7.0-1-amd64 root=UUID=3735fcc8-ec16-49f3-a19a-23c067cb34aa ro quiet",
	"kernel: [    0.000000] x86/fpu: Legacy x87 FPU detected.",
	"kernel: [    0.000000] x86/fpu: Using 'eager' FPU context switches.",
	"kernel: [    0.000000] e820: BIOS-provided physical RAM map:",
	"kernel: [    0.000000] BIOS-e820: [mem 0x0000000000000000-0x000000000008efff] usable",
	"kernel: [    0.000000] BIOS-e820: [mem 0x000000000008f000-0x000000000008ffff] ACPI NVS",
	"kernel: [    0.000000] BIOS-e820: [mem 0x0000000000090000-0x000000000009dfff] usable",
	"kernel: [    0.000000] BIOS-e820: [mem 0x000000000009e000-0x000000000009ffff] reserved",
	"kernel: [    0.000000] BIOS-e820: [mem 0x0000000000100000-0x000000001effffff] usable",
	"kernel: [    0.000000] BIOS-e820: [mem 0x000000001f000000-0x00000000201fffff] reserved",
	"kernel: [    0.000000] BIOS-e820: [mem 0x0000000020200000-0x000000007a8b0fff] usable",
	"kernel: [    0.000000] BIOS-e820: [mem 0x000000007a8b1000-0x000000007a8e0fff] reserved",
	"kernel: [    0.000000] BIOS-e820: [mem 0x000000007a8e1000-0x000000007a9a5fff] usable",
	"kernel: [    0.000000] BIOS-e820: [mem 0x000000007a9a6000-0x000000007ad23fff] ACPI NVS",
	"kernel: [    0.000000] BIOS-e820: [mem 0x000000007ad24000-0x000000007b0e6fff] reserved",
	"kernel: [    0.000000] BIOS-e820: [mem 0x000000007b0e7000-0x000000007b15bfff] type 20",
	"kernel: [    0.000000] BIOS-e820: [mem 0x000000007b15c000-0x000000007b161fff] usable",
	"kernel: [    0.000000] BIOS-e820: [mem 0x000000007b162000-0x000000007b162fff] reserved",
	"kernel: [    0.000000] BIOS-e820: [mem 0x000000007b163000-0x000000007b165fff] usable",
	"kernel: [    0.000000] BIOS-e820: [mem 0x000000007b166000-0x000000007b166fff] reserved",
	"kernel: [    0.000000] BIOS-e820: [mem 0x000000007b167000-0x000000007bffffff] usable",
	"kernel: [    0.000000] NX (Execute Disable) protection: active",
	"kernel: [    0.000000] efi: EFI v2.40 by American Megatrends",
	"kernel: [    0.000000] efi:  ESRT=0x7a8df000  ACPI=0x7a9ea000  ACPI 2.0=0x7a9ea000  SMBIOS=0x7b016000  SMBIOS 3.0=0x7b015000 ",
	"kernel: [    0.000000] efi: requested map not found.",
	"kernel: [    0.000000] esrt: ESRT header is not in the memory map.",
	"kernel: [    0.000000] SMBIOS 3.0.0 present.",
	"kernel: [    0.000000] e820: update [mem 0x00000000-0x00000fff] usable ==> reserved",
	"kernel: [    0.000000] e820: remove [mem 0x000a0000-0x000fffff] usable",
	"kernel: [    0.000000] e820: last_pfn = 0x7c000 max_arch_pfn = 0x400000000",
	"kernel: [    0.000000] MTRR default type: uncachable",
	"kernel: [    0.000000] MTRR fixed ranges enabled:",
	"kernel: [    0.000000]   00000-9FFFF write-back",
	"kernel: [    0.000000]   A0000-FFFFF write-protect",
	"kernel: [    0.000000] MTRR variable ranges enabled:",
	"kernel: [    0.000000]   0 base 000000000 mask F80000000 write-back",
	"kernel: [    0.000000]   1 base 07E000000 mask FFE000000 uncachable",
	"kernel: [    0.000000]   2 base 07D000000 mask FFF000000 uncachable",
	"kernel: [    0.000000]   3 base 07C800000 mask FFF800000 uncachable",
	"kernel: [    0.000000]   4 base 07C400000 mask FFFC00000 uncachable",
	"kernel: [    0.000000]   5 disabled",
	"kernel: [    0.000000]   6 disabled",
	"kernel: [    0.000000]   7 disabled",
	"kernel: [    0.000000] x86/PAT: Configuration [0-7]: WB  WC  UC- UC  WB  WC  UC- WT  ",
	"kernel: [    0.000000] Base memory trampoline at [ffff880000098000] 98000 size 24576",
	"kernel: [    0.000000] BRK [0x23156000, 0x23156fff] PGTABLE",
	"kernel: [    0.000000] BRK [0x23157000, 0x23157fff] PGTABLE",
	"kernel: [    0.000000] BRK [0x23158000, 0x23158fff] PGTABLE",
	"kernel: [    0.000000] BRK [0x23159000, 0x23159fff] PGTABLE",
	"kernel: [    0.000000] BRK [0x2315a000, 0x2315afff] PGTABLE",
	"kernel: [    0.000000] BRK [0x2315b000, 0x2315bfff] PGTABLE",
	"kernel: [    0.000000] RAMDISK: [mem 0x35ee4000-0x36f69fff]",
	"kernel: [    0.000000] ACPI: Early table checksum verification disabled",
	"kernel: [    0.000000] ACPI: RSDP 0x000000007A9EA000 000024 (v02 ALASKA)",
	"kernel: [    0.000000] ACPI: XSDT 0x000000007A9EA0A0 0000C4 (v01 ALASKA A M I    01072009 AMI  00010013)",
	"kernel: [    0.000000] ACPI: FACP 0x000000007AA08318 00010C (v05 ALASKA A M I    01072009 AMI  00010013)",
	"kernel: [    0.000000] ACPI: DSDT 0x000000007A9EA200 01E115 (v02 ALASKA A M I    01072009 INTL 20120913)",
	"kernel: [    0.000000] ACPI: FACS 0x000000007AD23F80 000040",
	"kernel: [    0.000000] ACPI: Local APIC address 0xfee00000",
	"kernel: [    0.000000] No NUMA configuration found",
	"kernel: [    0.000000] Faking a node at [mem 0x0000000000000000-0x000000007bffffff]",
	"kernel: [    0.000000] NODE_DATA(0) allocated [mem 0x7a9a1000-0x7a9a5fff]",
	"kernel: [    0.000000] Zone ranges:",
	"kernel: [    0.000000]   DMA      [mem 0x0000000000001000-0x0000000000ffffff]",
	"kernel: [    0.000000]   DMA32    [mem 0x0000000001000000-0x000000007bffffff]",
	"kernel: [    0.000000]   Normal   empty",
	"kernel: [    0.000000]   Device   empty",
	"kernel: [    0.000000] Movable zone start for each node",
	"kernel: [    0.000000] Early memory node ranges",
	"kernel: [    0.000000]   node   0: [mem 0x0000000000001000-0x000000000008efff]",
	"kernel: [    0.000000]   node   0: [mem 0x0000000000090000-0x000000000009dfff]",
	"kernel: [    0.000000]   node   0: [mem 0x0000000000100000-0x000000001effffff]",
	"kernel: [    0.000000]   node   0: [mem 0x0000000020200000-0x000000007a8b0fff]",
	"kernel: [    0.000000]   node   0: [mem 0x000000007a8e1000-0x000000007a9a5fff]",
	"kernel: [    0.000000]   node   0: [mem 0x000000007b15c000-0x000000007b161fff]",
	"kernel: [    0.000000]   node   0: [mem 0x000000007b163000-0x000000007b165fff]",
	"kernel: [    0.000000]   node   0: [mem 0x000000007b167000-0x000000007bffffff]",
	"kernel: [    0.000000] Initmem setup node 0 [mem 0x0000000000001000-0x000000007bffffff]",
	"kernel: [    0.000000] On node 0 totalpages: 501172",
	"kernel: [    0.000000]   DMA zone: 64 pages used for memmap",
	"kernel: [    0.000000]   DMA zone: 22 pages reserved",
	"kernel: [    0.000000]   DMA zone: 3996 pages, LIFO batch:0",
	"kernel: [    0.000000]   DMA32 zone: 7872 pages used for memmap",
	"kernel: [    0.000000]   DMA32 zone: 497176 pages, LIFO batch:31",
	"kernel: [    0.000000] Reserving Intel graphics stolen memory at 0x7cd00000-0x7ecfffff",
	"kernel: [    0.000000] ACPI: PM-Timer IO Port: 0x408",
	"kernel: [    0.000000] ACPI: Local APIC address 0xfee00000",
	"kernel: [    0.000000] ACPI: LAPIC_NMI (acpi_id[0x01] high edge lint[0x1])",
	"kernel: [    0.000000] ACPI: LAPIC_NMI (acpi_id[0x02] high edge lint[0x1])",
	"kernel: [    0.000000] ACPI: LAPIC_NMI (acpi_id[0x03] high edge lint[0x1])",
	"kernel: [    0.000000] ACPI: LAPIC_NMI (acpi_id[0x04] high edge lint[0x1])",
	"kernel: [    0.000000] IOAPIC[0]: apic_id 1, version 32, address 0xfec00000, GSI 0-114",
	"kernel: [    0.000000] ACPI: INT_SRC_OVR (bus 0 bus_irq 0 global_irq 2 dfl dfl)",
	"kernel: [    0.000000] ACPI: INT_SRC_OVR (bus 0 bus_irq 9 global_irq 9 high level)",
	"kernel: [    0.000000] ACPI: IRQ0 used by override.",
	"kernel: [    0.000000] ACPI: IRQ9 used by override.",
	"kernel: [    0.000000] Using ACPI (MADT) for SMP configuration information",
	"kernel: [    0.000000] ACPI: HPET id: 0x8086a201 base: 0xfed00000",
	"kernel: [    0.000000] smpboot: Allowing 4 CPUs, 0 hotplug CPUs",
	"kernel: [    0.000000] PM: Registered nosave memory: [mem 0x00000000-0x00000fff]",
	"kernel: [    0.000000] PM: Registered nosave memory: [mem 0x0008f000-0x0008ffff]",
	"kernel: [    0.000000] PM: Registered nosave memory: [mem 0x0009e000-0x0009ffff]",
	"kernel: [    0.000000] PM: Registered nosave memory: [mem 0x000a0000-0x000fffff]",
	"kernel: [    0.000000] PM: Registered nosave memory: [mem 0x1f000000-0x201fffff]",
	"kernel: [    0.000000] PM: Registered nosave memory: [mem 0x7a8b1000-0x7a8e0fff]",
	"kernel: [    0.000000] PM: Registered nosave memory: [mem 0x7a9a6000-0x7ad23fff]",
	"kernel: [    0.000000] PM: Registered nosave memory: [mem 0x7ad24000-0x7b0e6fff]",
	"kernel: [    0.000000] PM: Registered nosave memory: [mem 0x7b0e7000-0x7b15bfff]",
	"kernel: [    0.000000] PM: Registered nosave memory: [mem 0x7b162000-0x7b162fff]",
	"kernel: [    0.000000] PM: Registered nosave memory: [mem 0x7b166000-0x7b166fff]",
	"kernel: [    0.000000] e820: [mem 0x7ed00000-0xdfffffff] available for PCI devices",
	"kernel: [    0.000000] Booting paravirtualized kernel on bare hardware",
	"kernel: [    0.000000] clocksource: refined-jiffies: mask: 0xffffffff max_cycles: 0xffffffff, max_idle_ns: 7645519600211568 ns",
	"kernel: [    0.000000] setup_percpu: NR_CPUS:512 nr_cpumask_bits:512 nr_cpu_ids:4 nr_node_ids:1",
	"kernel: [    0.000000] percpu: Embedded 33 pages/cpu @ffff88007a400000 s98264 r8192 d28712 u524288",
	"kernel: [    0.000000] pcpu-alloc: s98264 r8192 d28712 u524288 alloc=1*2097152",
	"kernel: [    0.000000] pcpu-alloc: [0] 0 1 2 3 ",
	"kernel: [    0.000000] Built 1 zonelists in Node order, mobility grouping on.  Total pages: 493214",
	"kernel: [    0.000000] Policy zone: DMA32",
	"kernel: [    0.000000] Kernel command line: BOOT_IMAGE=/boot/vmlinuz-4.7.0-1-amd64 root=UUID=3735fcc8-ec16-49f3-a19a-23c067cb34aa ro quiet",
	"kernel: [    0.000000] PID hash table entries: 4096 (order: 3, 32768 bytes)",
	"kernel: [    0.000000] Calgary: detecting Calgary via BIOS EBDA area",
	"kernel: [    0.000000] Calgary: Unable to locate Rio Grande table in EBDA - bailing!",
	"kernel: [    0.000000] Memory: 1893328K/2004688K available (6015K kernel code, 1099K rwdata, 2788K rodata, 1352K init, 928K bss, 111360K reserved, 0K cma-reserved)",
	"kernel: [    0.000000] Hierarchical RCU implementation.",
	"kernel: [    0.000000] 	Build-time adjustment of leaf fanout to 64.",
	"kernel: [    0.000000] 	RCU restricting CPUs from NR_CPUS=512 to nr_cpu_ids=4.",
	"kernel: [    0.000000] RCU: Adjusting geometry for rcu_fanout_leaf=64, nr_cpu_ids=4",
	"kernel: [    0.000000] NR_IRQS:33024 nr_irqs:1024 16",
	"kernel: [    0.000000] Console: colour dummy device 80x25",
	"kernel: [    0.000000] console [tty0] enabled",
	"kernel: [    0.000000] clocksource: hpet: mask: 0xffffffff max_cycles: 0xffffffff, max_idle_ns: 133484882848 ns",
	"kernel: [    0.000000] hpet clockevent registered",
	"kernel: [    0.000000] Maximum core-clock to bus-clock ratio: 0x12",
	"kernel: [    0.000000] Resolved frequency ID: 4, frequency: 80000 KHz",
	"kernel: [    0.000000] TSC runs at 1440000 KHz",
	"kernel: [    0.000000] lapic_timer_frequency = 320000",
	"kernel: [    0.000000] tsc: Detected 1440.000 MHz processor",
	"kernel: [    0.000038] Calibrating delay loop (skipped), value calculated using timer frequency.. 2880.00 BogoMIPS (lpj=5760000)",
	"kernel: [    0.000045] pid_max: default: 32768 minimum: 301",
	"kernel: [    0.000082] ACPI: Core revision 20160422",
	"kernel: [    0.069677] ACPI: 8 ACPI AML tables successfully acquired and loaded",
	"kernel: [    0.069685] ",
	"kernel: [    0.071088] Security Framework initialized",
	"kernel: [    0.071094] Yama: disabled by default; enable with sysctl kernel.yama.*",
	"kernel: [    0.071109] AppArmor: AppArmor disabled by boot time parameter",
	"kernel: [    0.071421] Dentry cache hash table entries: 262144 (order: 9, 2097152 bytes)",
	"kernel: [    0.072758] Inode-cache hash table entries: 131072 (order: 8, 1048576 bytes)",
	"kernel: [    0.073369] Mount-cache hash table entries: 4096 (order: 3, 32768 bytes)",
	"kernel: [    0.073383] Mountpoint-cache hash table entries: 4096 (order: 3, 32768 bytes)",
	"kernel: [    0.073962] CPU: Physical Processor ID: 0",
	"kernel: [    0.073968] CPU: Processor Core ID: 0",
	"kernel: [    0.073976] ENERGY_PERF_BIAS: Set to 'normal', was 'performance'",
	"kernel: [    0.073979] ENERGY_PERF_BIAS: View and update with x86_energy_perf_policy(8)",
	"kernel: [    0.073993] mce: CPU supports 6 MCE banks",
	"kernel: [    0.074008] CPU0: Thermal monitoring enabled (TM1)",
	"kernel: [    0.074020] process: using mwait in idle threads",
	"kernel: [    0.074029] Last level iTLB entries: 4KB 48, 2MB 0, 4MB 0",
	"kernel: [    0.074034] Last level dTLB entries: 4KB 256, 2MB 16, 4MB 16, 1GB 0",
	"kernel: [    0.074534] Freeing SMP alternatives memory: 24K (ffffffffa3066000 - ffffffffa306c000)",
	"kernel: [    0.082010] ftrace: allocating 24703 entries in 97 pages",
	"kernel: [    0.098835] smpboot: Max logical packages: 1",
	"kernel: [    0.098844] smpboot: APIC(0) Converting physical 0 to logical package 0",
	"kernel: [    0.100485] ..TIMER: vector=0x30 apic1=0 pin1=2 apic2=0 pin2=0",
	"kernel: [    0.140183] TSC deadline timer enabled",
	"kernel: [    0.140193] smpboot: CPU0: Intel(R) Atom(TM) x5-Z8300  CPU @ 1.44GHz (family: 0x6, model: 0x4c, stepping: 0x3)",
	"kernel: [    0.140203] Performance Events: PEBS fmt2+, 8-deep LBR, Silvermont events, full-width counters, Intel PMU driver.",
	"kernel: [    0.140226] ... version:                3",
	"kernel: [    0.140230] ... bit width:              40",
	"kernel: [    0.140232] ... generic registers:      2",
	"kernel: [    0.140235] ... value mask:             000000ffffffffff",
	"kernel: [    0.140238] ... max period:             000000ffffffffff",
	"kernel: [    0.140240] ... fixed-purpose events:   3",
	"kernel: [    0.140243] ... event mask:             0000000700000003",
	"kernel: [    0.141763] NMI watchdog: enabled on all CPUs, permanently consumes one hw-PMU counter.",
	"kernel: [    0.142153] x86: Booting SMP configuration:",
	"kernel: [    0.142159] .... node  #0, CPUs:      #1 #2 #3",
	"kernel: [    0.382617] x86: Booted up 1 node, 4 CPUs",
	"kernel: [    0.382624] smpboot: Total of 4 processors activated (11526.67 BogoMIPS)",
	"kernel: [    0.392701] devtmpfs: initialized",
	"kernel: [    0.392898] x86/mm: Memory block size: 128MB",
	"kernel: [    0.410604] PM: Registering ACPI NVS region [mem 0x0008f000-0x0008ffff] (4096 bytes)",
	"kernel: [    0.410611] PM: Registering ACPI NVS region [mem 0x7a9a6000-0x7ad23fff] (3661824 bytes)",
	"kernel: [    0.410996] clocksource: jiffies: mask: 0xffffffff max_cycles: 0xffffffff, max_idle_ns: 7645041785100000 ns",
	"kernel: [    0.420490] pinctrl core: initialized pinctrl subsystem",
	"kernel: [    0.432799] NET: Registered protocol family 16",
	"kernel: [    0.444488] cpuidle: using governor ladder",
	"kernel: [    0.456503] cpuidle: using governor menu",
	"kernel: [    0.456612] ACPI: bus type PCI registered",
	"kernel: [    0.456618] acpiphp: ACPI Hot Plug PCI Controller Driver version: 0.5",
	"kernel: [    0.480686] PCI: MMCONFIG for domain 0000 [bus 00-ff] at [mem 0xe0000000-0xefffffff] (base 0xe0000000)",
	"kernel: [    0.480694] PCI: MMCONFIG at [mem 0xe0000000-0xefffffff] reserved in E820",
	"kernel: [    0.480701] PCI: MMCONFIG for 0000 [bus00-3f] at [mem 0xe0000000-0xe3ffffff] (base 0xe0000000) (size reduced!)",
	"kernel: [    0.480723] PCI: Using configuration type 1 for base access",
	"kernel: [    0.490960] HugeTLB registered 2 MB page size, pre-allocated 0 pages",
	"kernel: [    0.522770] ACPI: Added _OSI(Module Device)",
	"kernel: [    0.522776] ACPI: Added _OSI(Processor Device)",
	"kernel: [    0.522779] ACPI: Added _OSI(3.0 _SCP Extensions)"
]